// Jest Snapshot v1, https://goo.gl/fbAQLP

exports[`<Item /> renders and matches the snapshot 1`] = `
<Item>
  <img
    alt="A Cool Item"
    src="dog.jpg"
  />
  <Item__Title>
    <Link
      href={
        Object {
          "pathname": "item",
          "query": Object {
            "id": "ABC123",
          },
        }
      }
    >
      <a>
        A Cool Item
      </a>
    </Link>
  </Item__Title>
  <Item__PriceTag>
    $40
  </Item__PriceTag>
  <p>
    This item is really cool!
  </p>
  <div
    className="buttonList"
  >
    <Link
      href={
        Object {
          "pathname": "update",
          "query": Object {
            "id": "ABC123",
          },
        }
      }
    >
      <a>
        Edit ✏️
      </a>
    </Link>
    <AddToCart
      id="ABC123"
    />
    <DeleteItem
      id="ABC123"
    >
      Delete This Item
    </DeleteItem>
  </div>
</Item>
`;
